python : C:\Users\Dell\AppDat
a\Local\Programs\Python\Pytho
n313\Lib\site-packages\reques
ts\__init__.py:113: 
RequestsDependencyWarning: 
urllib3 (2.0.7) or chardet 
(7.1.0)/charset_normalizer 
(3.4.4) doesn't match a 
supported version!
At line:1 char:1
+ python -m pytest 
test_env.py --tb=short > 
test_output.txt 2>&1
+ ~~~~~~~~~~~~~~~~~~~~~~~~~~~
~~~~~~~~~~~~~~~~~~~~~~~~~~~~~
~~~~~~
    + CategoryInfo           
   : NotSpecified: (C:\User  
  s\Dell\A...ported versio   
 n!:String) [], RemoteExc    
eption
    + FullyQualifiedErrorId  
   : NativeCommandError
 
  warnings.warn(
C:\Users\Dell\AppData\Local\P
rograms\Python\Python313\Lib\
site-packages\pytest_asyncio\
plugin.py:247: 
PytestDeprecationWarning: 
The configuration option "asy
ncio_default_fixture_loop_sco
pe" is unset.
The event loop scope for 
asynchronous fixtures will 
default to the fixture 
caching scope. Future 
versions of pytest-asyncio 
will default the loop scope 
for asynchronous fixtures to 
function scope. Set the 
default fixture loop scope 
explicitly in order to avoid 
unexpected behavior in the 
future. Valid fixture loop 
scopes are: "function", 
"class", "module", 
"package", "session"

  warnings.warn(PytestDepreca
tionWarning(_DEFAULT_FIXTURE_
LOOP_SCOPE_UNSET))
============================= test session starts =============================
platform win32 -- Python 3.13.12, pytest-8.3.4, pluggy-1.6.0
rootdir: D:\Desktop\Andrea\meta
configfile: pyproject.toml
plugins: anyio-4.12.1, langsmith-0.7.23, asyncio-1.3.0
asyncio: mode=Mode.STRICT, debug=False, asyncio_default_fixture_loop_scope=None, asyncio_default_test_loop_scope=function
collected 52 items

test_env.py .................F.................................F         [100%]

================================== FAILURES ===================================
________________ TestGrading.test_empty_submission_scores_zero ________________
test_env.py:220: in test_empty_submission_scores_zero
    assert result["score"] == 0.001, f"Empty submission should score 0.001, got {result['score']}"
E   AssertionError: Empty submission should score 0.001, got 0.01
E   assert 0.01 == 0.001
___________________ TestHFSpace.test_readme_has_frontmatter ___________________
test_env.py:578: in test_readme_has_frontmatter
    content = f.read()
C:\Users\Dell\AppData\Local\Programs\Python\Python313\Lib\encodings\cp1252.py:23: in decode
    return codecs.charmap_decode(input,self.errors,decoding_table)[0]
E   UnicodeDecodeError: 'charmap' codec can't decode byte 0x8f in position 6087: character maps to <undefined>
=========================== short test summary info ===========================
FAILED test_env.py::TestGrading::test_empty_submission_scores_zero - Assertio...
FAILED test_env.py::TestHFSpace::test_readme_has_frontmatter - UnicodeDecodeE...
======================== 2 failed, 50 passed in 0.30s =========================
